[ls /]                                                                :
--- out	2025-05-09 13:58:32.348206436 +0900
+++ cmp	2025-05-09 13:58:32.344206402 +0900
@@ -1,12 +1,24 @@
-a.out
-cmp
-exit42
-libft
-Makefile
-minishell
-objs
-out
-print_args
-README.md
-srcs
-test.sh
+bin
+boot
+dev
+etc
+home
+lib
+lib32
+lib64
+libx32
+lost+found
+media
+mnt
+opt
+proc
+root
+run
+sbin
+snap
+srv
+swapfile
+sys
+tmp
+usr
+var
[echo hello    world     ]                                            :
--- out	2025-05-09 13:58:32.356206505 +0900
+++ cmp	2025-05-09 13:58:32.352206471 +0900
@@ -1 +1 @@
-
+hello world
[./print_args 'hello   world' '42Tokyo']                              :
--- out	2025-05-09 13:58:32.364206573 +0900
+++ cmp	2025-05-09 13:58:32.364206573 +0900
@@ -1 +1,3 @@
 argv[0] = [./print_args]
+argv[1] = [hello   world]
+argv[2] = [42Tokyo]
[echo 'hello   world' '42Tokyo']                                      :
--- out	2025-05-09 13:58:32.372206642 +0900
+++ cmp	2025-05-09 13:58:32.368206608 +0900
@@ -1 +1 @@
-
+hello   world 42Tokyo
[echo '"hello   world"' '42Tokyo']                                    :
--- out	2025-05-09 13:58:32.376206676 +0900
+++ cmp	2025-05-09 13:58:32.376206676 +0900
@@ -1 +1 @@
-
+"hello   world" 42Tokyo
[./print_args "hello   world" "42Tokyo"]                              :
--- out	2025-05-09 13:58:32.384206744 +0900
+++ cmp	2025-05-09 13:58:32.384206744 +0900
@@ -1 +1,3 @@
 argv[0] = [./print_args]
+argv[1] = [hello   world]
+argv[2] = [42Tokyo]
[echo "hello   world" "42Tokyo"]                                      :
--- out	2025-05-09 13:58:32.392206813 +0900
+++ cmp	2025-05-09 13:58:32.388206779 +0900
@@ -1 +1 @@
-
+hello   world 42Tokyo
[echo "'hello   world'" "42Tokyo"]                                    :
--- out	2025-05-09 13:58:32.400206882 +0900
+++ cmp	2025-05-09 13:58:32.396206847 +0900
@@ -1 +1 @@
-
+'hello   world' 42Tokyo
[echo hello'      world']                                             :
--- out	2025-05-09 13:58:32.404206916 +0900
+++ cmp	2025-05-09 13:58:32.404206916 +0900
@@ -1 +1 @@
-
+hello      world
[echo hello'  world  '"  42Tokyo  "]                                  :
--- out	2025-05-09 13:58:32.412206985 +0900
+++ cmp	2025-05-09 13:58:32.408206950 +0900
@@ -1 +1 @@
-
+hello  world    42Tokyo  
